src/meter/meter.controller.ts(27,9): error TS4053: Return type of public method from exported class has or is using name 'MeterWithWeather' from external module "C:/Users/4th_Dimension/Desktop/ArjunTask/WeatherMeterManagement/backend/src/meter/meter.service" but cannot be named.
